6co2.ent
5nzz.ent
5mak.ent
2jti.ent
5u4k.ent
2k8b.ent
5tez.ent
5w1t.ent
2fuh.ent
1jgn.ent
6gvk.ent
1uwx.ent
1y4a.ent
2roz.ent
1pd7.ent
5ioh.ent
2wuc.ent
3zia.ent
6nk7.ent
6oqj.ent
1ees.ent
2phe.ent
6ob1.ent
2wub.ent
2wy2.ent
1uuz.ent
1fc2.ent
